// Jest Snapshot v1, https://goo.gl/fbAQLP

exports[`Product Page with Products Page Render Snapshot 1`] = `
{
  "asFragment": [Function],
  "baseElement": <body>
    <div>
      <h1
        class="text-2xl text-center font-bold m-4"
      >
        Products Page
      </h1>
      <div
        class="text-center mb-20"
      >
        <h2
          class="font-semibold"
        >
          Select Up To 
          4
           Products To Compare
        </h2>
        <p>
          There are currently 
          0
           of
           
          4
           Products being compared currently
        </p>
        <p>
          You can view the selected products on the
           
          <a
            class="font-bold hover:text-pear-500"
            href="/product-comparison"
          >
            Compared Products
          </a>
           
          page or
           
          <a
            class="font-bold hover:text-pear-500"
            href="#comparison-section"
          >
            below
          </a>
        </p>
      </div>
      <p
        class="text-center my-40"
      >
        <strong>
          Loading Products...
        </strong>
        <br />
        Sit tight, Products are on the way
      </p>
      <div
        class="pt-16"
        id="comparison-section"
      >
        <p
          class="text-md text-center font-bold m-4 mb-10"
        >
          Select some products to diplay the comparison table here ☺️
        </p>
      </div>
    </div>
  </body>,
  "container": <div>
    <h1
      class="text-2xl text-center font-bold m-4"
    >
      Products Page
    </h1>
    <div
      class="text-center mb-20"
    >
      <h2
        class="font-semibold"
      >
        Select Up To 
        4
         Products To Compare
      </h2>
      <p>
        There are currently 
        0
         of
         
        4
         Products being compared currently
      </p>
      <p>
        You can view the selected products on the
         
        <a
          class="font-bold hover:text-pear-500"
          href="/product-comparison"
        >
          Compared Products
        </a>
         
        page or
         
        <a
          class="font-bold hover:text-pear-500"
          href="#comparison-section"
        >
          below
        </a>
      </p>
    </div>
    <p
      class="text-center my-40"
    >
      <strong>
        Loading Products...
      </strong>
      <br />
      Sit tight, Products are on the way
    </p>
    <div
      class="pt-16"
      id="comparison-section"
    >
      <p
        class="text-md text-center font-bold m-4 mb-10"
      >
        Select some products to diplay the comparison table here ☺️
      </p>
    </div>
  </div>,
  "debug": [Function],
  "findAllByAltText": [Function],
  "findAllByDisplayValue": [Function],
  "findAllByLabelText": [Function],
  "findAllByPlaceholderText": [Function],
  "findAllByRole": [Function],
  "findAllByTestId": [Function],
  "findAllByText": [Function],
  "findAllByTitle": [Function],
  "findByAltText": [Function],
  "findByDisplayValue": [Function],
  "findByLabelText": [Function],
  "findByPlaceholderText": [Function],
  "findByRole": [Function],
  "findByTestId": [Function],
  "findByText": [Function],
  "findByTitle": [Function],
  "getAllByAltText": [Function],
  "getAllByDisplayValue": [Function],
  "getAllByLabelText": [Function],
  "getAllByPlaceholderText": [Function],
  "getAllByRole": [Function],
  "getAllByTestId": [Function],
  "getAllByText": [Function],
  "getAllByTitle": [Function],
  "getByAltText": [Function],
  "getByDisplayValue": [Function],
  "getByLabelText": [Function],
  "getByPlaceholderText": [Function],
  "getByRole": [Function],
  "getByTestId": [Function],
  "getByText": [Function],
  "getByTitle": [Function],
  "queryAllByAltText": [Function],
  "queryAllByDisplayValue": [Function],
  "queryAllByLabelText": [Function],
  "queryAllByPlaceholderText": [Function],
  "queryAllByRole": [Function],
  "queryAllByTestId": [Function],
  "queryAllByText": [Function],
  "queryAllByTitle": [Function],
  "queryByAltText": [Function],
  "queryByDisplayValue": [Function],
  "queryByLabelText": [Function],
  "queryByPlaceholderText": [Function],
  "queryByRole": [Function],
  "queryByTestId": [Function],
  "queryByText": [Function],
  "queryByTitle": [Function],
  "rerender": [Function],
  "store": {
    "@@observable": [Function],
    "dispatch": [Function],
    "getState": [Function],
    "replaceReducer": [Function],
    "subscribe": [Function],
  },
  "unmount": [Function],
}
`;
